// Jest Snapshot v1, https://goo.gl/fbAQLP

exports[`Home Page homepage is unchanged from snapshot 1`] = `
<div>
  <main
    class="column"
  >
    <h2>
      Welcome to PrivacyPal
    </h2>
    <a
      href="/login"
    >
      Log in
    </a>
    <a
      href="/staff"
    >
      Staff Area
    </a>
    <a
      href="/user"
    >
      User Area
    </a>
  </main>
</div>
`;
