// Jest Snapshot v1, https://goo.gl/fbAQLP

exports[`Home Page homepage is unchanged from snapshot 1`] = `
<div>
  <main
    class="column"
  >
    <h2
      class="subheading"
    >
      Test Login
    </h2>
    <p>
      You can login with the username "
      <code>
        johnny@example.com
      </code>
      " and password "
      <code>
        password
      </code>
      "
    </p>
    <br />
    <p>
      You can visit 
      <a
        href="/api/session"
      >
        this link
      </a>
       to see a breakdown of your current session.
    </p>
  </main>
</div>
`;
